###############################################################################
#
# IAR ELF Linker V7.40.3.8902/W32 for ARM                 27/Dec/2016  12:25:15
# Copyright 2007-2015 IAR Systems AB.
#
#    Output file  =  
#        I:\NXP Cup\NXP_Demo\Prj\IAR\DZ10_Debug\Exe\vcan_Kinetis.out
#    Map file     =  
#        I:\NXP Cup\NXP_Demo\Prj\IAR\DZ10_Debug\List\vcan_Kinetis.map
#    Command line =  
#        "I:\NXP Cup\NXP_Demo\Prj\IAR\DZ10_Debug\Obj\diskio.o" "I:\NXP
#        Cup\NXP_Demo\Prj\IAR\DZ10_Debug\Obj\ff.o" "I:\NXP
#        Cup\NXP_Demo\Prj\IAR\DZ10_Debug\Obj\main.o" "I:\NXP
#        Cup\NXP_Demo\Prj\IAR\DZ10_Debug\Obj\misc.o" "I:\NXP
#        Cup\NXP_Demo\Prj\IAR\DZ10_Debug\Obj\MK60_adc.o" "I:\NXP
#        Cup\NXP_Demo\Prj\IAR\DZ10_Debug\Obj\MK60_can.o" "I:\NXP
#        Cup\NXP_Demo\Prj\IAR\DZ10_Debug\Obj\MK60_conf.o" "I:\NXP
#        Cup\NXP_Demo\Prj\IAR\DZ10_Debug\Obj\MK60_dac.o" "I:\NXP
#        Cup\NXP_Demo\Prj\IAR\DZ10_Debug\Obj\MK60_dma.o" "I:\NXP
#        Cup\NXP_Demo\Prj\IAR\DZ10_Debug\Obj\MK60_DWT.o" "I:\NXP
#        Cup\NXP_Demo\Prj\IAR\DZ10_Debug\Obj\MK60_flash.o" "I:\NXP
#        Cup\NXP_Demo\Prj\IAR\DZ10_Debug\Obj\MK60_flexbus.o" "I:\NXP
#        Cup\NXP_Demo\Prj\IAR\DZ10_Debug\Obj\MK60_ftm.o" "I:\NXP
#        Cup\NXP_Demo\Prj\IAR\DZ10_Debug\Obj\MK60_gpio.o" "I:\NXP
#        Cup\NXP_Demo\Prj\IAR\DZ10_Debug\Obj\MK60_i2c.o" "I:\NXP
#        Cup\NXP_Demo\Prj\IAR\DZ10_Debug\Obj\MK60_it.o" "I:\NXP
#        Cup\NXP_Demo\Prj\IAR\DZ10_Debug\Obj\MK60_lptmr.o" "I:\NXP
#        Cup\NXP_Demo\Prj\IAR\DZ10_Debug\Obj\MK60_mcg.o" "I:\NXP
#        Cup\NXP_Demo\Prj\IAR\DZ10_Debug\Obj\MK60_PIT.o" "I:\NXP
#        Cup\NXP_Demo\Prj\IAR\DZ10_Debug\Obj\MK60_port.o" "I:\NXP
#        Cup\NXP_Demo\Prj\IAR\DZ10_Debug\Obj\MK60_rtc.o" "I:\NXP
#        Cup\NXP_Demo\Prj\IAR\DZ10_Debug\Obj\MK60_sdhc.o" "I:\NXP
#        Cup\NXP_Demo\Prj\IAR\DZ10_Debug\Obj\MK60_spi.o" "I:\NXP
#        Cup\NXP_Demo\Prj\IAR\DZ10_Debug\Obj\MK60_SysTick.o" "I:\NXP
#        Cup\NXP_Demo\Prj\IAR\DZ10_Debug\Obj\MK60_uart.o" "I:\NXP
#        Cup\NXP_Demo\Prj\IAR\DZ10_Debug\Obj\MK60_usb.o" "I:\NXP
#        Cup\NXP_Demo\Prj\IAR\DZ10_Debug\Obj\MK60_wdog.o" "I:\NXP
#        Cup\NXP_Demo\Prj\IAR\DZ10_Debug\Obj\motor.o" "I:\NXP
#        Cup\NXP_Demo\Prj\IAR\DZ10_Debug\Obj\startup_MK60DZ10.o" "I:\NXP
#        Cup\NXP_Demo\Prj\IAR\DZ10_Debug\Obj\system_MK60DZ10.o" "I:\NXP
#        Cup\NXP_Demo\Prj\IAR\DZ10_Debug\Obj\USB.o" "I:\NXP
#        Cup\NXP_Demo\Prj\IAR\DZ10_Debug\Obj\USB_CDC.o" "I:\NXP
#        Cup\NXP_Demo\Prj\IAR\DZ10_Debug\Obj\VCAN_ASCII.o" "I:\NXP
#        Cup\NXP_Demo\Prj\IAR\DZ10_Debug\Obj\VCAN_BMP.o" "I:\NXP
#        Cup\NXP_Demo\Prj\IAR\DZ10_Debug\Obj\VCAN_camera.o" "I:\NXP
#        Cup\NXP_Demo\Prj\IAR\DZ10_Debug\Obj\VCAN_computer.o" "I:\NXP
#        Cup\NXP_Demo\Prj\IAR\DZ10_Debug\Obj\vcan_img2sd.o" "I:\NXP
#        Cup\NXP_Demo\Prj\IAR\DZ10_Debug\Obj\VCAN_key.o" "I:\NXP
#        Cup\NXP_Demo\Prj\IAR\DZ10_Debug\Obj\VCAN_key_event.o" "I:\NXP
#        Cup\NXP_Demo\Prj\IAR\DZ10_Debug\Obj\VCAN_LCD.o" "I:\NXP
#        Cup\NXP_Demo\Prj\IAR\DZ10_Debug\Obj\VCAN_LCD_CH.o" "I:\NXP
#        Cup\NXP_Demo\Prj\IAR\DZ10_Debug\Obj\VCAN_LCD_ILI9325.o" "I:\NXP
#        Cup\NXP_Demo\Prj\IAR\DZ10_Debug\Obj\VCAN_LCD_ILI9341.o" "I:\NXP
#        Cup\NXP_Demo\Prj\IAR\DZ10_Debug\Obj\VCAN_LCD_ST7735R.o" "I:\NXP
#        Cup\NXP_Demo\Prj\IAR\DZ10_Debug\Obj\VCAN_LCD_ST7735S.o" "I:\NXP
#        Cup\NXP_Demo\Prj\IAR\DZ10_Debug\Obj\VCAN_LED.o" "I:\NXP
#        Cup\NXP_Demo\Prj\IAR\DZ10_Debug\Obj\VCAN_MMA7455.o" "I:\NXP
#        Cup\NXP_Demo\Prj\IAR\DZ10_Debug\Obj\VCAN_NRF24L0.o" "I:\NXP
#        Cup\NXP_Demo\Prj\IAR\DZ10_Debug\Obj\VCAN_NRF24L0_MSG.o" "I:\NXP
#        Cup\NXP_Demo\Prj\IAR\DZ10_Debug\Obj\VCAN_OV7725_Eagle.o" "I:\NXP
#        Cup\NXP_Demo\Prj\IAR\DZ10_Debug\Obj\VCAN_OV7725_Wolf.o" "I:\NXP
#        Cup\NXP_Demo\Prj\IAR\DZ10_Debug\Obj\VCAN_RTC_count.o" "I:\NXP
#        Cup\NXP_Demo\Prj\IAR\DZ10_Debug\Obj\VCAN_SCCB.o" "I:\NXP
#        Cup\NXP_Demo\Prj\IAR\DZ10_Debug\Obj\vcan_sd_app.o" "I:\NXP
#        Cup\NXP_Demo\Prj\IAR\DZ10_Debug\Obj\Vcan_touch.o" "I:\NXP
#        Cup\NXP_Demo\Prj\IAR\DZ10_Debug\Obj\VCAN_TSL1401.o" "I:\NXP
#        Cup\NXP_Demo\Prj\IAR\DZ10_Debug\Obj\VCAN_UI_VAR.o" "I:\NXP
#        Cup\NXP_Demo\Prj\IAR\DZ10_Debug\Obj\vectors.o" --redirect
#        _Printf=_PrintfLargeNoMb --redirect _Scanf=_ScanfLargeNoMb -o "I:\NXP
#        Cup\NXP_Demo\Prj\IAR\DZ10_Debug\Exe\vcan_Kinetis.out" --map "I:\NXP
#        Cup\NXP_Demo\Prj\IAR\DZ10_Debug\List\vcan_Kinetis.map" --config
#        "I:\NXP Cup\NXP_Demo\Prj\IAR\config files\vcan_ROM_K60N512.icf"
#        "I:\NXP Cup\NXP_Demo\Prj\IAR\..\..\Lib\CMSIS\iar_cortexM4l_math.a"
#        --entry __iar_program_start --vfe
#
###############################################################################

*******************************************************************************
*** RUNTIME MODEL ATTRIBUTES
***

CppFlavor       = *
__SystemLibrary = DLib


*******************************************************************************
*** PLACEMENT SUMMARY
***

"A1":  place at 0x00000000 { ro section .intvec };
"A2":  place at 0x00000410 { ro section .noinit };
"P1":  place in [from 0x00000000 to 0x00080000] { ro, block CodeRelocate };
"P2":  place in [from 0x1fff0410 to 0x20010000] {
          rw, block CodeRelocateRam, block CSTACK, block HEAP };

  Section              Kind        Address    Size  Object
  -------              ----        -------    ----  ------
"A1":                                        0x410
  .intvec              const    0x00000000   0x410  vectors.o [1]
                              - 0x00000410   0x410

"A2":                                          0x8
  .noinit              ro code  0x00000410     0x8  startup_MK60DZ10.o [1]
                              - 0x00000418     0x8

"P1":                                       0x3738
  .text                ro code  0x00000418   0xbf6  xprintflarge_nomb.o [3]
  .rodata              const    0x0000100e     0x2  VCAN_computer.o [1]
  .text                ro code  0x00001010    0x16  strchr.o [5]
  .rodata              const    0x00001026     0x2  VCAN_computer.o [1]
  .text                ro code  0x00001028    0x36  strlen.o [5]
  .text                ro code  0x00001060    0x58  memchr.o [5]
  .text                ro code  0x000010b8    0xee  I64DivMod.o [5]
  .text                ro code  0x000011a8    0x76  ABImemcpy_unaligned.o [5]
  .text                ro code  0x0000121e    0x42  xdnorm.o [4]
  .text                ro code  0x00001260    0x2e  DblCmpLe.o [4]
  .text                ro code  0x00001290   0x1a2  DblMul.o [4]
  .text                ro code  0x00001434   0x256  DblDiv.o [4]
  .text                ro code  0x0000168c    0x58  DblToI32.o [4]
  .text                ro code  0x000016e4    0x30  I32ToDbl.o [4]
  .text                ro code  0x00001714   0x180  DblSub.o [4]
  .text                ro code  0x00001894    0x6c  localeconv.o [3]
  .text                ro code  0x00001900     0xe  div.o [3]
  .text                ro code  0x00001910     0x2  I64DivZer.o [5]
  .text                ro code  0x00001914    0xe8  DblAdd.o [4]
  .text                ro code  0x000019fc     0x2  xtls.o [3]
  .data_init                    0x00001a00   0x7ec  <Block>
    Initializer bytes  const    0x00001a00   0x7ec  <for .data-1>
  .text                ro code  0x000021ec   0x4f4  MK60_ftm.o [1]
  .text                ro code  0x000026e0    0xb0  MK60_port.o [1]
  Veneer               ro code  0x00002790     0x8  - Linker created -
  Veneer               ro code  0x00002798     0x8  - Linker created -
  .text                ro code  0x000027a0   0x140  MK60_conf.o [1]
  .text                ro code  0x000028e0    0x70  VCAN_LED.o [1]
  .text                ro code  0x00002950    0x24  printf.o [3]
  .text                ro code  0x00002974    0x64  MK60_SysTick.o [1]
  .text                ro code  0x000029d8   0x26c  MK60_uart.o [1]
  .text                ro code  0x00002c44    0x9c  VCAN_key.o [1]
  .text                ro code  0x00002ce0   0x130  MK60_gpio.o [1]
  Veneer               ro code  0x00002e10     0x8  - Linker created -
  .text                ro code  0x00002e18   0x3c8  MK60_mcg.o [1]
  .text                ro code  0x000031e0   0x200  motor.o [1]
  .text                ro code  0x000033e0    0x7c  MK60_PIT.o [1]
  .text                ro code  0x0000345c    0x50  misc.o [1]
  .text                ro code  0x000034ac    0x40  VCAN_computer.o [1]
  CodeRelocate                  0x000034ec   0x1c8  <Block>
    Initializer bytes  const    0x000034ec   0x1c8  <for CodeRelocateRam-1>
  .text                ro code  0x000036b4   0x130  system_MK60DZ10.o [1]
  .text                ro code  0x000037e4    0x40  MK60_wdog.o [1]
  .text                ro code  0x00003824     0x8  main.o [1]
  .text                ro code  0x0000382c    0x40  zero_init3.o [5]
  .rodata              const    0x0000386c    0x3c  MK60_conf.o [1]
  .rodata              const    0x000038a8    0x2c  MK60_flash.o [1]
  .rodata              const    0x000038d4    0x2c  MK60_gpio.o [1]
  .rodata              const    0x00003900    0x2c  MK60_SysTick.o [1]
  .rodata              const    0x0000392c    0x2c  MK60_uart.o [1]
  .rodata              const    0x00003958    0x28  MK60_ftm.o [1]
  .rodata              const    0x00003980    0x28  MK60_PIT.o [1]
  .text                ro code  0x000039a8    0x28  data_init.o [5]
  .rodata              const    0x000039d0    0x24  misc.o [1]
  .rodata              const    0x000039f4    0x24  MK60_conf.o [1]
  .iar.init_table      const    0x00003a18    0x10  - Linker created -
  .rodata              const    0x00003a28    0x20  MK60_conf.o [1]
  .text                ro code  0x00003a48    0x1a  cmain.o [5]
  .text                ro code  0x00003a62     0x4  low_level_init.o [3]
  .text                ro code  0x00003a66     0x4  exit.o [3]
  .text                ro code  0x00003a6c     0xa  cexit.o [5]
  .text                ro code  0x00003a78     0xc  XXexit.o [5]
  .text                ro code  0x00003a84    0x16  xprout.o [3]
  .text                ro code  0x00003a9c     0xc  putchar.o [3]
  .rodata              const    0x00003aa8    0x14  MK60_conf.o [1]
  .text                ro code  0x00003abc     0xc  cstartup_M.o [5]
  .rodata              const    0x00003ac8     0x0  zero_init3.o [5]
  Initializer bytes    const    0x00003ac8    0x88  <for P2 s0>
                              - 0x00003b50  0x3738

"P2":                                        0xad4
  .data                         0x1fff0410   0x7ec  <Block>
    .data-1                     0x1fff0410   0x7ec  <Init block>
      .data            inited   0x1fff0410   0x708  MK60_conf.o [1]
      .data            inited   0x1fff0b18     0xc  MK60_ftm.o [1]
      .data            inited   0x1fff0b24    0x14  MK60_gpio.o [1]
      .data            inited   0x1fff0b38    0x44  MK60_mcg.o [1]
      .data            inited   0x1fff0b7c     0x4  MK60_mcg.o [1]
      .data            inited   0x1fff0b80    0x14  MK60_port.o [1]
      .data            inited   0x1fff0b94    0x18  MK60_uart.o [1]
      .data            inited   0x1fff0bac     0x4  motor.o [1]
      .data            inited   0x1fff0bb0     0x8  VCAN_key.o [1]
      .data            inited   0x1fff0bb8     0x4  VCAN_LED.o [1]
      .data            inited   0x1fff0bbc    0x40  xfiles.o [3]
  CodeRelocateRam               0x1fff0bfc   0x1c8  <Block>
    CodeRelocateRam-1           0x1fff0bfc   0x1c8  <Init block>
      Veneer           inited   0x1fff0bfc     0x8  - Linker created -
      Veneer           inited   0x1fff0c04     0x8  - Linker created -
      .textrw          inited   0x1fff0c0c   0x168  MK60_flash.o [1]
      .textrw          inited   0x1fff0d74    0x50  MK60_mcg.o [1]
  .bss                          0x1fff0dc8    0x98  <Block>
    .bss               zero     0x1fff0dc8    0x28  motor.o [1]
    .bss               zero     0x1fff0df0     0xc  MK60_ftm.o [1]
    .bss               zero     0x1fff0dfc     0x4  system_MK60DZ10.o [1]
    .bss               zero     0x1fff0e00     0x4  system_MK60DZ10.o [1]
    .bss               zero     0x1fff0e04     0x4  system_MK60DZ10.o [1]
    .bss               zero     0x1fff0e08    0x50  xfiles.o [3]
    .bss               zero     0x1fff0e58     0x2  motor.o [1]
  P2 s0                         0x1fff0e5c    0x88  <Init block>
    __DLIB_PERTHREAD   inited   0x1fff0e5c    0x88  localeconv.o [3]
                              - 0x1fff0ee4   0xad4


*******************************************************************************
*** INIT TABLE
***

          Address     Size
          -------     ----
Zero (__iar_zero_init3)
    1 destination range, total size 0x92:
          0x1fff0dc8  0x92



*******************************************************************************
*** MODULE SUMMARY
***

    Module                 ro code  rw code  ro data  rw data
    ------                 -------  -------  -------  -------
I:\NXP Cup\NXP_Demo\Prj\IAR\DZ10_Debug\Obj: [1]
    MK60_PIT.o                 124                40
    MK60_SysTick.o             100                44
    MK60_conf.o                320             1 948    1 800
    MK60_flash.o                        360      404
    MK60_ftm.o               1 268                52       24
    MK60_gpio.o                304                64       20
    MK60_mcg.o                 968       80      152       72
    MK60_port.o                176                20       20
    MK60_uart.o                620                68       24
    MK60_wdog.o                 64
    VCAN_LED.o                 112                 4        4
    VCAN_computer.o             64                 4
    VCAN_key.o                 156                 8        8
    main.o                       8
    misc.o                      80                36
    motor.o                    512                 4       46
    startup_MK60DZ10.o           8
    system_MK60DZ10.o          304                         12
    vectors.o                                  1 040
    ---------------------------------------------------------
    Total:                   5 188      440    3 888    2 030

command line: [2]
    ---------------------------------------------------------
    Total:

dl7M_tlf.a: [3]
    div.o                       14
    exit.o                       4
    localeconv.o               108               136      136
    low_level_init.o             4
    printf.o                    36
    putchar.o                   12
    xfiles.o                                      64      144
    xprintflarge_nomb.o      3 062
    xprout.o                    22
    xtls.o                       2
    ---------------------------------------------------------
    Total:                   3 264               200      280

m7M_tl.a: [4]
    DblAdd.o                   232
    DblCmpLe.o                  46
    DblDiv.o                   598
    DblMul.o                   418
    DblSub.o                   384
    DblToI32.o                  88
    I32ToDbl.o                  48
    xdnorm.o                    66
    ---------------------------------------------------------
    Total:                   1 880

rt7M_tl.a: [5]
    ABImemcpy_unaligned.o      118
    I64DivMod.o                238
    I64DivZer.o                  2
    XXexit.o                    12
    cexit.o                     10
    cmain.o                     26
    cstartup_M.o                12
    data_init.o                 40
    memchr.o                    88
    strchr.o                    22
    strlen.o                    54
    zero_init3.o                64
    ---------------------------------------------------------
    Total:                     686

    Gaps                        20
    Linker created              24       16       32
-------------------------------------------------------------
    Grand Total:            11 062      456    4 120    2 310


*******************************************************************************
*** ENTRY LIST
***

Entry                      Address   Size  Type      Object
-----                      -------   ----  ----      ------
.bss$$Base              0x1fff0dc8          --   Gb  - Linker created -
.bss$$Limit             0x1fff0e5c          --   Gb  - Linker created -
.data$$Base             0x1fff0410          --   Gb  - Linker created -
.data$$Limit            0x1fff0bfc          --   Gb  - Linker created -
.data_init$$Base        0x00001a00          --   Gb  - Linker created -
.data_init$$Limit       0x000021ec          --   Gb  - Linker created -
.iar.init_table$$Base   0x00003a18          --   Gb  - Linker created -
.iar.init_table$$Limit  0x00003a28          --   Gb  - Linker created -
?main                   0x00003a49         Code  Gb  cmain.o [5]
ASSERT_FAILED_STR       0x000039f4   0x24  Data  Gb  MK60_conf.o [1]
CodeRelocate$$Base      0x000034ec          --   Gb  - Linker created -
CodeRelocate$$Limit     0x000036b4          --   Gb  - Linker created -
CodeRelocateRam$$Base   0x1fff0bfc          --   Gb  - Linker created -
CodeRelocateRam$$Limit  0x1fff0dc4          --   Gb  - Linker created -
FTMN                    0x1fff0b18    0xc  Data  Gb  MK60_ftm.o [1]
FTM_port_mux            0x000021ed  0x118  Code  Lc  MK60_ftm.o [1]
GPIOX                   0x1fff0b24   0x14  Data  Gb  MK60_gpio.o [1]
IncPIDCalc              0x00003329   0x98  Code  Gb  motor.o [1]
IncPIDInit              0x000032e9   0x40  Code  Gb  motor.o [1]
KEY_PTxn                0x1fff0bb0    0x8  Data  Gb  VCAN_key.o [1]
LED_PTxn                0x1fff0bb8    0x4  Data  Gb  VCAN_LED.o [1]
LoadInt                 0x00000999   0x6e  Code  Lc  xprintflarge_nomb.o [3]
NVIC_EnableIRQ          0x000031e1   0x14  Code  Lc  motor.o [1]
NVIC_SystemReset        0x000027a1   0x1a  Code  Lc  MK60_conf.o [1]
PIT0_IRQHandler         0x00003241   0xa8  Code  Gb  motor.o [1]
PORTX                   0x1fff0b80   0x14  Data  Gb  MK60_port.o [1]
PWMOUT                  0x1fff0e58    0x2  Data  Gb  motor.o [1]
Region$$Table$$Base     0x00003a18          --   Gb  - Linker created -
Region$$Table$$Limit    0x00003a28          --   Gb  - Linker created -
Reset_Handler           0x00000411         Code  Gb  startup_MK60DZ10.o [1]
UARTN                   0x1fff0b94   0x18  Data  Gb  MK60_uart.o [1]
_GenldLargeNoMb         0x00000d8d  0x238  Code  Lc  xprintflarge_nomb.o [3]
_LdtobLargeNoMb         0x00000b0d  0x27a  Code  Lc  xprintflarge_nomb.o [3]
_LitobLargeNoMb         0x00000a07  0x106  Code  Lc  xprintflarge_nomb.o [3]
_Locale_aeabi_lconv     0x1fff0eac   0x38  Data  Gb  localeconv.o [3]
_Locale_lconv           0x1fff0e5c   0x50  Data  Gb  localeconv.o [3]
_PrintfLargeNoMb        0x00000419  0x57a  Code  Gb  xprintflarge_nomb.o [3]
_Prout                  0x00003a85   0x16  Code  Gb  xprout.o [3]
_PutcharsLargeNoMb      0x00000fc5   0x2e  Code  Lc  xprintflarge_nomb.o [3]
__BOOT_STACK_ADDRESS {Abs}
                        0x2000fff8          --   Gb  command line/config [2]
__VECTOR_RAM {Abs}      0x1fff0000          --   Gb  command line/config [2]
__VECTOR_TABLE {Abs}    0x00000000          --   Gb  command line/config [2]
__aeabi_cdcmple         0x00001261         Code  Gb  DblCmpLe.o [4]
__aeabi_d2iz            0x0000168d         Code  Gb  DblToI32.o [4]
__aeabi_d2uiz           0x000016b9         Code  Gb  DblToI32.o [4]
__aeabi_dadd            0x00001915         Code  Gb  DblAdd.o [4]
__aeabi_ddiv            0x00001435         Code  Gb  DblDiv.o [4]
__aeabi_dmul            0x00001291         Code  Gb  DblMul.o [4]
__aeabi_dsub            0x00001715         Code  Gb  DblSub.o [4]
__aeabi_i2d             0x000016e5         Code  Gb  I32ToDbl.o [4]
__aeabi_ldiv0           0x00001911         Code  Gb  I64DivZer.o [5]
__aeabi_ui2d            0x000016f9         Code  Gb  I32ToDbl.o [4]
__aeabi_uldivmod        0x000010b9         Code  Gb  I64DivMod.o [5]
__cmain                 0x00003a49         Code  Gb  cmain.o [5]
__code_start__ {Abs}    0x00000410          --   Gb  command line/config [2]
__exit                  0x00003a79         Code  Gb  XXexit.o [5]
__iar_Dnorm             0x0000121f   0x42  Code  Gb  xdnorm.o [4]
__iar_Locale_lconv_init
                        0x00001895   0x3a  Code  Gb  localeconv.o [3]
__iar_Memchr            0x00001061         Code  Gb  memchr.o [5]
__iar_Stdout            0x1fff0bbc   0x40  Data  Gb  xfiles.o [3]
__iar_Strchr            0x00001011         Code  Gb  strchr.o [5]
__iar_d2uiz             0x000016c5         Code  Gb  DblToI32.o [4]
__iar_dadd              0x00001929         Code  Gb  DblAdd.o [4]
__iar_data_init3        0x000039a9   0x28  Code  Gb  data_init.o [5]
__iar_dlib_perthread_access
                        0x000019fd    0x2  Code  Gb  xtls.o [3]
__iar_dsub              0x00001729         Code  Gb  DblSub.o [4]
__iar_dsubStart         0x0000173b         Code  Gb  DblSub.o [4]
__iar_program_start     0x00003abd         Code  Gb  cstartup_M.o [5]
__iar_ui2d              0x000016fd         Code  Gb  I32ToDbl.o [4]
__iar_unaligned___aeabi_memcpy
                        0x000011a9         Code  Gb  ABImemcpy_unaligned.o [5]
__iar_unaligned___aeabi_memcpy4
                        0x000011c9         Code  Gb  ABImemcpy_unaligned.o [5]
__iar_unaligned___aeabi_memcpy8
                        0x000011c9         Code  Gb  ABImemcpy_unaligned.o [5]
__iar_zero_init3        0x0000382d   0x40  Code  Gb  zero_init3.o [5]
__low_level_init        0x00003a63    0x4  Code  Gb  low_level_init.o [3]
__vector_table          0x00000000  0x410  Data  Gb  vectors.o [1]
_call_main              0x00003a55         Code  Gb  cmain.o [5]
_exit                   0x00003a6d         Code  Gb  cexit.o [5]
_main                   0x00003a5f         Code  Gb  cmain.o [5]
assert_failed           0x000027bb   0x26  Code  Gb  MK60_conf.o [1]
bus_clk_khz             0x1fff0e04    0x4  Data  Gb  system_MK60DZ10.o [1]
common_startup          0x00003713   0x98  Code  Gb  system_MK60DZ10.o [1]
core_clk_khz            0x1fff0dfc    0x4  Data  Gb  system_MK60DZ10.o [1]
core_clk_mhz            0x1fff0e00    0x4  Data  Gb  system_MK60DZ10.o [1]
default_isr             0x0000288f   0x30  Code  Gb  MK60_conf.o [1]
div                     0x00001901    0xe  Code  Gb  div.o [3]
exit                    0x00003a67    0x4  Code  Gb  exit.o [3]
flash_cmd               0x1fff0c0d   0x20  Code  Gb  MK60_flash.o [1]
flash_erase_sector      0x1fff0c5d   0x58  Code  Gb  MK60_flash.o [1]
flash_init              0x1fff0c2d   0x30  Code  Gb  MK60_flash.o [1]
flash_write             0x1fff0cb5   0x8e  Code  Gb  MK60_flash.o [1]
fputc                   0x000027e1   0x14  Code  Gb  MK60_conf.o [1]
ftm_mod                 0x1fff0df0    0xc  Data  Lc  MK60_ftm.o [1]
ftm_pwm_duty            0x0000248f   0xdc  Code  Gb  MK60_ftm.o [1]
ftm_pwm_init            0x00002305  0x18a  Code  Gb  MK60_ftm.o [1]
ftm_quad_clean          0x0000269d   0x28  Code  Gb  MK60_ftm.o [1]
ftm_quad_get            0x00002671   0x2c  Code  Gb  MK60_ftm.o [1]
ftm_quad_init           0x0000256b  0x106  Code  Gb  MK60_ftm.o [1]
gpio_get                0x00002dc9   0x3e  Code  Gb  MK60_gpio.o [1]
gpio_init               0x00002ce1   0xae  Code  Gb  MK60_gpio.o [1]
gpio_turn               0x00002d8f   0x3a  Code  Gb  MK60_gpio.o [1]
key_check               0x00002cb1   0x2a  Code  Gb  VCAN_key.o [1]
key_get                 0x00002c97   0x1a  Code  Gb  VCAN_key.o [1]
key_init                0x00002c45   0x52  Code  Gb  VCAN_key.o [1]
led_init                0x000028e1   0x3a  Code  Gb  VCAN_LED.o [1]
led_turn                0x0000291b   0x32  Code  Gb  VCAN_LED.o [1]
localeconv              0x000018cf   0x16  Code  Gb  localeconv.o [3]
main                    0x00003825    0x8  Code  Gb  main.o [1]
mcg_cfg                 0x1fff0b38   0x44  Data  Gb  MK60_mcg.o [1]
mcg_div                 0x1fff0b7c    0x4  Data  Gb  MK60_mcg.o [1]
mcg_div_count           0x00002e19  0x2fa  Code  Gb  MK60_mcg.o [1]
memchr                  0x00001061         Code  Gb  memchr.o [5]
motor_init              0x000031f5   0x4a  Code  Gb  motor.o [1]
obuf                    0x1fff0e08   0x50  Data  Lc  xfiles.o [3]
pit_init                0x000033e1   0x6c  Code  Gb  MK60_PIT.o [1]
pll_init                0x00003113   0xb2  Code  Gb  MK60_mcg.o [1]
port_init               0x000026e1   0x44  Code  Gb  MK60_port.o [1]
port_init_NoALT         0x00002725   0x62  Code  Gb  MK60_port.o [1]
printf                  0x00002951   0x24  Code  Gb  printf.o [3]
putchar                 0x00003a9d    0xc  Code  Gb  putchar.o [3]
sPID                    0x1fff0dc8   0x28  Data  Lc  motor.o [1]
set_sys_dividers        0x1fff0d75   0x50  Code  Gb  MK60_mcg.o [1]
set_vector_handler      0x0000347f   0x22  Code  Gb  misc.o [1]
sptr                    0x1fff0bac    0x4  Data  Lc  motor.o [1]
start                   0x000036b5   0x22  Code  Gb  system_MK60DZ10.o [1]
start_check             0x000027f5   0x9a  Code  Gb  MK60_conf.o [1]
strchr                  0x00001011         Code  Gb  strchr.o [5]
strlen                  0x00001029         Code  Gb  strlen.o [5]
sysinit                 0x000036d7   0x3c  Code  Gb  system_MK60DZ10.o [1]
systick_delay           0x00002975   0x36  Code  Gb  MK60_SysTick.o [1]
systick_delay_ms        0x000029ab   0x18  Code  Gb  MK60_SysTick.o [1]
uart_init               0x000029d9  0x214  Code  Gb  MK60_uart.o [1]
uart_putbuff            0x00002c07   0x24  Code  Gb  MK60_uart.o [1]
uart_putchar            0x00002bed   0x1a  Code  Gb  MK60_uart.o [1]
vcan_sendware           0x000034ad   0x38  Code  Gb  VCAN_computer.o [1]
vector_str              0x1fff0410  0x708  Data  Gb  MK60_conf.o [1]
wdog_disable            0x000037e5   0x16  Code  Gb  MK60_wdog.o [1]
wdog_unlock             0x000037fb   0x20  Code  Lc  MK60_wdog.o [1]
write_vtor              0x0000345d   0x22  Code  Gb  misc.o [1]


[1] = I:\NXP Cup\NXP_Demo\Prj\IAR\DZ10_Debug\Obj
[2] = command line
[3] = dl7M_tlf.a
[4] = m7M_tl.a
[5] = rt7M_tl.a

  11 062 bytes of readonly  code memory
     456 bytes of readwrite code memory
   4 120 bytes of readonly  data memory
   2 310 bytes of readwrite data memory

Errors: none
Warnings: none
